---
source: src/generate/tests.rs
expression: "generate_all_type_definitions(node, naming_scheme)"
---
Ok(
    [
        "Menu -> Menu",
        "Main -> MenuMain",
        "Options -> MenuOptions",
        "Game -> MenuGame",
        "Graphics -> OptionsGraphics",
        "Audio -> OptionsAudio",
        "Gameplay -> OptionsGameplay",
        "Save -> GameSave",
        "Load -> GameLoad",
    ],
)
