---
source: src/generate.rs
expression: "generate_full_source(src_path, source, plugin_config).unwrap_or_else(identity)"
---
// src: root.txt
// RootState

#![allow(missing_docs)]
use bevy::prelude::AppExtStates;

pub mod states {
    use bevy::prelude::StateSet;
    #[derive(bevy::prelude::States, Hash, Default, Debug, Clone, PartialEq, Eq)]
    pub enum GameState {
        #[default]
        RootState,
    }

    #[derive(bevy::prelude::SubStates, Hash, Default, Debug, Clone, PartialEq, Eq)]
    #[source(GameStateRootState = GameStateRootState::RootState)]
    pub struct GameStateRootStateRootState;
}
pub struct GeneratedStatesPlugin;
impl bevy::app::Plugin for GeneratedStatesPlugin {
    fn build(&self, app: &mut bevy::app::App) {
        app.init_state::<states::GameState>();
    }
}
