---
source: src/stack_parser.rs
expression: parse_node(input)
---
Ok(
    (
        "",
        List(
            "Name",
            [
                Enum(
                    "A",
                    [
                        Singleton(
                            "B",
                        ),
                        List(
                            "C",
                            [
                                Singleton(
                                    "D",
                                ),
                                Enum(
                                    "E",
                                    [
                                        Singleton(
                                            "F",
                                        ),
                                        Singleton(
                                            "G",
                                        ),
                                    ],
                                ),
                            ],
                        ),
                        Singleton(
                            "H",
                        ),
                    ],
                ),
                Singleton(
                    "I",
                ),
                Singleton(
                    "J",
                ),
            ],
        ),
    ),
)
