---
source: src/generator/tests.rs
expression: "generate_all_type_definitions(&StateNode::enumeration(\"Alpha\",\n[StateNode::singleton(\"Beta\")]), NamingScheme::Full.into())"
---
#[derive(bevy::prelude::States, Hash, Default, Debug, Clone, PartialEq, Eq)]
pub enum AlphaState {
    #[default]
    Beta
}

#[derive(bevy::prelude::SubStates, Hash, Default, Debug, Clone, PartialEq, Eq)]
#[source(AlphaState = AlphaState::Beta)]
pub struct AlphaBetaState;
