---
source: src/generator/tests.rs
expression: "generate_all_type_definitions(&StateNode::list(\"List\",\n[StateNode::singleton(\"Item1\"),\nStateNode::enumeration(\"Item2\",\n[StateNode::singleton(\"A\"), StateNode::singleton(\"B\"),]),\nStateNode::singleton(\"Item3\"),]),\n(ParentState::from((\"GameState\", \"Alpha\")), NamingScheme::Full).into())"
---
#[derive(bevy::prelude::SubStates, Hash, Default, Debug, Clone, PartialEq, Eq)]
#[source(GameState = GameState::Alpha)]
pub struct GameListState;

#[derive(bevy::prelude::SubStates, Hash, Default, Debug, Clone, PartialEq, Eq)]
#[source(GameState = GameState::Alpha)]
pub struct GameItem1State;

#[derive(bevy::prelude::SubStates, Hash, Default, Debug, Clone, PartialEq, Eq)]
#[source(GameState = GameState::Alpha)]
pub enum GameItem2State {
    #[default]
    A,
      B
}

#[derive(bevy::prelude::SubStates, Hash, Default, Debug, Clone, PartialEq, Eq)]
#[source(GameItem2State = GameItem2State::A)]
pub struct GameItem2AState;

#[derive(bevy::prelude::SubStates, Hash, Default, Debug, Clone, PartialEq, Eq)]
#[source(GameItem2State = GameItem2State::B)]
pub struct GameItem2BState;

#[derive(bevy::prelude::SubStates, Hash, Default, Debug, Clone, PartialEq, Eq)]
#[source(GameState = GameState::Alpha)]
pub struct GameItem3State;
